// Jest Snapshot v1, https://goo.gl/fbAQLP

exports[`Character with data 1`] = `
<div
  className="sc-AxjAm kxXXrQ"
  href="/character/1"
  onClick={[Function]}
  to={null}
>
  <img
    alt="character-avatar"
    className="sc-AxiKw dKbEvk"
    src="https://rickandmortyapi.com/api/character/avatar/1.jpeg"
  />
  <div
    className="sc-AxirZ iJAKen"
  >
    <div>
      <b>
        Name:
      </b>
       
      Rick Sanchez
    </div>
    <div>
      <b>
        Status:
      </b>
       
      Alive
    </div>
    <div>
      <b>
        Origin:
      </b>
       
      Earth (C-137)
    </div>
    <div>
      <b>
        Species:
      </b>
       
      Human
    </div>
  </div>
</div>
`;
